src/components/agenda/AppointmentModal.tsx(9,10): error TS6133: 'DialogDescription' is declared but its value is never read.
src/components/clients/ClientModal.tsx(20,1): error TS6133: 'Textarea' is declared but its value is never read.
src/pages/Dashboard.tsx(67,9): error TS2304: Cannot find name 'setLoading'.
